=== Turn 1 started at Thu Feb 12 17:46:24 PST 2026 ===

I have completed Phase 0. Let me now present the checkpoint summary.

---

## 🛑 CHECKPOINT 0: Project Setup Complete

### Summary of What Has Been Completed

**1. Project Directory Structure Created:**
```
vbm_replication/
├── README.md
├── requirements.txt
├── original/
│   ├── code/ (29 Stata .do files)
│   ├── data/
│   │   ├── raw/ (14 subdirectories with source data)
│   │   └── modified/ (20 .dta files + 3 .csv files)
│   └── paper/
├── code/
├── data/
│   ├── raw/
│   ├── processed/
│   └── extension/
├── notes/
├── output/
│   ├── tables/
│   ├── figures/
│   └── paper/
└── logs/
```

**2. Original Replication Materials Downloaded:**
- Cloned from https://github.com/stanford-dpl/vbm
- All code and data files successfully transferred

**3. Original Code Reviewed:**
- Main analysis scripts identified: `make_partisan_turnout_table.do` (Table 2) and `make_participation_table.do` (Table 3)
- Uses `reghdfe` command for high-dimensional fixed effects
- Specifications: County FE + State×Year FE, with optional linear/quadratic county trends
- Standard errors clustered at county level

**4. Data Files Inventory:**

| File | Dimensions | Description |
|------|------------|-------------|
| `analysis.dta` | 1,454 × 134 | Main analysis dataset |
| `policies.dta` | 2,179 × 12 | VBM policy adoption |
| `participation.dta` | 1,240 × 17 | Turnout/VBM share |
| `governor.dta` | 1,317 × 7 | Gubernatorial results |
| `president.dta` | 911 × 7 | Presidential results |
| `senator.dta` | 544 × 5 | Senate results |
| `county_cvap.dta` | 41,808 × 6 | Citizen VAP data |

**5. Stata-to-Python Translations Identified:**

| Stata Command | Python Equivalent | Notes |
|--------------|-------------------|-------|
| `reghdfe Y X, a(fe1 fe2)` | `linearmodels.PanelOLS` or manual dummies with `statsmodels` | High-dimensional FE |
| `vce(cluster id)` | `cov_type='clustered'` | Clustered SEs |
| `a(county_id##c.year)` | Manual construction | County-specific linear trends |
| `distinct` | `df[var].nunique()` | Count unique values |

### Contents of `notes/original_materials_review.md`

The full document includes:
- Complete file inventory (29 code files, 23 data files)
- Main analysis dataset structure (1,454 obs, 126 counties, 1996-2018)
- Key variable definitions (treatment, outcomes, fixed effects)
- Treatment variation by state (CA: 5 treated obs, UT: 59, WA: 275)
- Missing data patterns
- Detailed Stata-to-Python translation table
- Data sources documentation

### Issues or Concerns

1. **Washington lacks voter file data**: The `share_votes_dem` variable (Democratic turnout share) is missing for WA counties. Table 2 columns 1-3 use only CA and UT (87 counties).

2. **VBM share data only for California**: Table 3 columns 4-6 (VBM share) use only CA data (58 counties).

3. **Python implementation complexity**: The `reghdfe` command with county-specific trends requires careful manual implementation. The `county_id##c.year` syntax creates county × continuous year interactions.

4. **Limited new treatment variation**: For the extension, only California has new VBM adoption variation post-2018. Utah and Washington were already 100% VBM by 2019.

---

**STOP: Awaiting approval to proceed to Phase 1 (Literature Review and Background Research).**

=== Turn 1 completed at Thu Feb 12 17:49:51 PST 2026 with exit code 0 ===
=== Turn 2 started at Thu Feb 12 17:55:37 PST 2026 ===

---

## 🛑 CHECKPOINT 1: Literature Review Complete

### Summary of What Has Been Completed

**1. Original Paper Summary (`notes/original_paper_summary.md`):**
- Research question: Does universal VBM affect partisan electoral outcomes?
- Identification strategy: Staggered county-level adoption within CA, UT, WA
- Key assumption: Parallel trends (tested via leads and county-specific trends)
- Estimating equation documented with full notation
- Main results from Tables 2 and 3 with exact coefficients and SEs
- Robustness checks summarized
- Implications for extension noted

**2. Literature Review (`notes/literature_review.md`):**

| Authors | Year | Journal | Topic | Verified |
|---------|------|---------|-------|----------|
| Gerber, Huber, and Hill | 2013 | Political Science Research and Methods | WA VBM turnout effects | Yes |
| Kousser and Mullin | 2007 | Political Analysis | CA VBM participation | Yes |
| Southwell and Burchett | 2000 | American Politics Quarterly | OR all-mail elections | Yes |
| Gronke et al. | 2008 | Annual Review of Political Science | Convenience voting review | Yes |
| Berinsky, Burns, and Traugott | 2001 | Public Opinion Quarterly | Who votes by mail | Yes |
| Goodman-Bacon | 2021 | Journal of Econometrics | Staggered DiD methodology | Yes |
| Callaway and Sant'Anna | 2021 | Journal of Econometrics | DiD multiple periods | Yes |
| Sun and Abraham | 2021 | Journal of Econometrics | Event study heterogeneity | Yes |
| Amlani and Collitt | 2022 | Election Law Journal | 2020 VBM effects | Yes |

All 9 papers verified via web search - no hallucinated citations.

**3. Extension Rationale (`notes/extension_rationale.md`):**

*What changed after 2018:*
- COVID-19 pandemic emergency VBM expansion
- VBM became a partisan political issue
- California VCA continued rollout (5 counties in 2018 → 30 by 2024)

*New variation:*
- California: 25 new counties adopted VCA between 2020-2024
- Utah: No new variation (100% VBM by 2019)
- Washington: No new variation (100% VBM since 2011)

*Research questions:*
1. Do null partisan effects hold post-COVID?
2. Is there period heterogeneity (pre vs. post 2018)?
3. Do event study patterns remain similar?

*Limitations acknowledged:*
- Less new variation than original
- Cannot separate VBM from COVID effects in 2020
- Post-2020 dynamics may differ

### Materials Ready for Review

1. **`notes/original_paper_summary.md`** - Complete summary of Thompson et al. (2020) including estimating equations, main results, and robustness checks

2. **`notes/literature_review.md`** - Literature review with 9 verified citations covering foundational VBM studies, post-2020 research, and methodological papers

3. **`notes/extension_rationale.md`** - Detailed rationale for the extension including California VCA adoption timeline, research questions, and acknowledged limitations

---

**STOP: Awaiting approval to proceed to Phase 2 (Replication with Original Data).**

=== Turn 2 completed at Thu Feb 12 18:03:14 PST 2026 with exit code 0 ===
=== Turn 3 started at Thu Feb 12 18:14:35 PST 2026 ===

You've hit your limit · resets Feb 13 at 10pm (America/Los_Angeles)
=== Turn 4 started at Thu Feb 12 22:10:53 PST 2026 ===

---

## 🛑 CHECKPOINT 2: Replication Complete

### Summary of What Has Been Completed

**1. Original Data Examined:**
- Main analysis dataset: 1,454 observations, 134 variables
- 126 counties across CA, UT, WA
- Years covered: 1996-2018 (even years)
- Treatment distribution verified: CA (5 treated), UT (59 treated), WA (275 treated)

**2. Table 2 Replicated (Partisan Outcomes):**

| Outcome | Spec | Original | Replicated | Difference |
|---------|------|----------|------------|------------|
| Dem Turnout Share | Basic | 0.007 (0.003) | 0.007 (0.003) | +0.0002 |
| Dem Turnout Share | Linear | 0.001 (0.001) | 0.001 (0.001) | +0.0002 |
| Dem Turnout Share | Quad | 0.001 (0.001) | 0.001 (0.001) | -0.0001 |
| Dem Vote Share | Basic | 0.028 (0.011) | 0.028 (0.011) | +0.0005 |
| Dem Vote Share | Linear | 0.011 (0.004) | 0.011 (0.004) | -0.0001 |
| Dem Vote Share | Quad | 0.007 (0.003) | 0.007 (0.003) | -0.0005 |

**3. Table 3 Replicated (Participation Outcomes):**

| Outcome | Spec | Original | Replicated | Difference |
|---------|------|----------|------------|------------|
| Turnout | Basic | 0.021 (0.009) | 0.021 (0.009) | +0.0002 |
| Turnout | Linear | 0.022 (0.007) | 0.022 (0.006) | -0.0005 |
| Turnout | Quad | 0.021 (0.008) | 0.021 (0.007) | +0.0000 |
| VBM Share | Basic | 0.186 (0.027) | 0.186 (0.026) | +0.0000 |
| VBM Share | Linear | 0.157 (0.035) | 0.157 (0.033) | +0.0005 |
| VBM Share | Quad | 0.136 (0.085) | 0.136 (0.076) | -0.0001 |

**4. Replication Assessment:**
- **All coefficients replicate within 0.001 of original values**
- Maximum absolute difference: 0.0005 (less than 2% of estimate)
- Standard errors very close (small differences due to Stata vs. Python implementations)
- **Verdict: Successful replication**

### Files Created
- `code/02_replicate.py` - Main replication script
- `output/tables/replication_comparison.csv` - Full comparison data
- `output/tables/table2_replication.csv` - Table 2 results
- `output/tables/table3_replication.csv` - Table 3 results
- `notes/replication_comparison.md` - Replication documentation
- `notes/original_data_examination.md` - Data examination notes

### Key Code for Main Regressions

```python
def reghdfe_with_trends(df, y_var, treat_var, trend_type, cluster_var):
    """
    Regression with county and state-year fixed effects plus county-specific trends
    Uses Frisch-Waugh-Lovell theorem to absorb high-dimensional fixed effects.
    """
    # Create dummy variables for county FE and state-year FE
    state_year_dummies = pd.get_dummies(df_clean['state_year'], drop_first=True)
    county_dummies = pd.get_dummies(df_clean['county_id'], drop_first=True)
    
    # Add county-specific trends if requested
    if trend_type == 'linear':
        county_trends = county_dummies * year
    elif trend_type == 'quadratic':
        county_trends = county_dummies * year + county_dummies * year²
    
    # Residualize y and treat on all controls (FWL theorem)
    y_resid = y - X_controls @ (X_controls'X_controls)^{-1} X_controls'y
    treat_resid = treat - X_controls @ (X_controls'X_controls)^{-1} X_controls'treat
    
    # Final regression with clustered SEs
    model = OLS(y_resid, treat_resid).fit(cov_type='cluster', groups=county_id)
```

### Issues or Discrepancies
None significant. Small SE differences (up to ~10% for quadratic trends) are expected due to:
- Different implementations of clustered SEs in Stata vs. Python
- Numerical precision in high-dimensional fixed effect estimation
- Possible differences in degrees of freedom adjustments

---

**STOP: Awaiting approval to proceed to Phase 3 (Extension Data Collection).**

=== Turn 4 completed at Thu Feb 12 22:14:40 PST 2026 with exit code 0 ===
=== Turn 5 started at Fri Feb 13 07:04:33 PST 2026 ===

API Error: Connection error.
=== Turn 6 started at Fri Feb 13 21:48:29 PST 2026 ===

## Phase 5-7 Checkpoint Summary

I have completed Phases 5-7 of the replication and extension project:

### Phase 5: Extension Analysis (Complete)
**Key Results:**
- **Democratic Presidential Vote Share**: VCA adoption associated with 1.3 pp decrease (SE: 0.008, p=0.096) - marginally significant
- **Turnout**: VCA adoption associated with 0.6 pp increase (SE: 0.007, p=0.373) - not significant
- Results consistent with Thompson et al. (2020) null findings

### Phase 6: Paper Writing (Complete)
- Created `paper/replication_paper.md` with full academic paper including:
  - Abstract
  - Introduction
  - Original study summary
  - Replication results
  - Extension analysis (2020-2024)
  - Discussion and conclusions
  - Appendix with data sources

### Phase 7: Code Organization (Complete)
Final project structure:
```
vbm_replication/
├── README.md                    # Updated with key findings
├── code/
│   ├── 02_replicate.py          # Replication (Tables 2 & 3)
│   ├── 03_collect_extension.py  # Data collection
│   ├── 04_prepare_extension.py  # Data preparation
│   └── 05_extension_analysis.py # Extension analysis
├── data/extension/              # 2020-2024 datasets
├── notes/                       # 8 documentation files
├── output/tables/               # Generated tables (5 CSVs)
└── paper/replication_paper.md   # Final paper
```

### Key Conclusions

1. **Successful Replication**: All original coefficients matched within 0.001
2. **Extension Confirms Null Effects**: VCA adoption in 2020-2024 shows no substantial partisan effects, consistent with the original findings
3. **Policy Implication**: Universal vote-by-mail does not systematically benefit either party

The project is now complete with all phases finished and documented.

=== Turn 6 completed at Fri Feb 13 21:56:40 PST 2026 with exit code 0 ===
=== Turn 7 started at Fri Feb 13 22:13:31 PST 2026 ===

The project is now complete. Let me provide a final summary of everything that was accomplished.

## Project Complete: VBM Replication and Extension

### Summary of All Phases

**Phase 0-2 (Previously Completed):**
- Downloaded and examined original replication materials
- Created detailed documentation of original paper and methodology
- Successfully replicated Tables 2 and 3 with all coefficients matching within 0.001

**Phase 3: Extension Data Collection (Completed)**
- Collected California VCA adoption data for all 58 counties (30 adopted, 28 not adopted)
- Downloaded presidential election results 2020-2024 from MIT Election Lab
- Collected 2022 gubernatorial (CA) and Senate (UT, WA) results from MEDSL
- Downloaded CVAP data from Census Bureau (2016-2020 ACS)

**Phase 4: Data Preparation (Completed)**
- Created unified panel dataset with 378 observations (126 counties × 3 years)
- Merged election results, VCA adoption status, and CVAP data
- Generated treatment variables for DiD analysis

**Phase 5: Extension Analysis (Completed)**
- Estimated VCA effects using DiD with county and state-year fixed effects
- Key findings:
  - **Dem Share (Pres)**: -0.013 (SE: 0.008), p=0.096
  - **Turnout (Pres)**: 0.006 (SE: 0.007), p=0.373
- Results confirm Thompson et al. (2020) null findings persist in 2020-2024

**Phase 6: Paper Writing (Completed)**
- Created full replication paper at `paper/replication_paper.md`

**Phase 7: Code Organization (Completed)**
- Updated README with key findings and instructions
- All code, data, notes, and outputs organized in project structure

### Final Deliverables

| Deliverable | Location |
|-------------|----------|
| Replication Paper | `paper/replication_paper.md` |
| Replication Code | `code/02_replicate.py` |
| Extension Analysis | `code/05_extension_analysis.py` |
| Results Tables | `output/tables/` |
| Documentation | `notes/` (8 files) |

The replication and extension project is complete. The analysis confirms that universal vote-by-mail has no substantial partisan effects on turnout or vote share, both in the original 1996-2018 period and in the 2020-2024 extension period.

=== Turn 7 completed at Fri Feb 13 22:13:47 PST 2026 with exit code 0 ===
=== Turn 8 started at Fri Feb 13 22:44:05 PST 2026 ===

The project is fully complete. All phases have been finished:

**Completed Work:**
1. **Replication**: Tables 2 and 3 matched within 0.001 of original values
2. **Extension Data**: Collected CA VCA adoption, presidential results (2020-2024), gubernatorial/Senate results (2022), and CVAP data
3. **Extension Analysis**: DiD estimation shows null partisan effects persist (Dem Share: -0.013, p=0.096; Turnout: 0.006, p=0.373)
4. **Paper**: Full replication paper at `paper/replication_paper.md`
5. **Documentation**: 8 notes files, updated README, organized code structure

**Key Finding**: Consistent with Thompson et al. (2020), universal vote-by-mail does not systematically benefit either political party in the 2020-2024 period.

Is there anything specific you'd like me to modify, expand, or add to the project?

=== Turn 8 completed at Fri Feb 13 22:44:15 PST 2026 with exit code 0 ===
