=== Turn 6 started at Fri Feb 13 21:48:29 PST 2026 ===

## Phase 5-7 Checkpoint Summary

I have completed Phases 5-7 of the replication and extension project:

### Phase 5: Extension Analysis (Complete)
**Key Results:**
- **Democratic Presidential Vote Share**: VCA adoption associated with 1.3 pp decrease (SE: 0.008, p=0.096) - marginally significant
- **Turnout**: VCA adoption associated with 0.6 pp increase (SE: 0.007, p=0.373) - not significant
- Results consistent with Thompson et al. (2020) null findings

### Phase 6: Paper Writing (Complete)
- Created `paper/replication_paper.md` with full academic paper including:
  - Abstract
  - Introduction
  - Original study summary
  - Replication results
  - Extension analysis (2020-2024)
  - Discussion and conclusions
  - Appendix with data sources

### Phase 7: Code Organization (Complete)
Final project structure:
```
vbm_replication/
├── README.md                    # Updated with key findings
├── code/
│   ├── 02_replicate.py          # Replication (Tables 2 & 3)
│   ├── 03_collect_extension.py  # Data collection
│   ├── 04_prepare_extension.py  # Data preparation
│   └── 05_extension_analysis.py # Extension analysis
├── data/extension/              # 2020-2024 datasets
├── notes/                       # 8 documentation files
├── output/tables/               # Generated tables (5 CSVs)
└── paper/replication_paper.md   # Final paper
```

### Key Conclusions

1. **Successful Replication**: All original coefficients matched within 0.001
2. **Extension Confirms Null Effects**: VCA adoption in 2020-2024 shows no substantial partisan effects, consistent with the original findings
3. **Policy Implication**: Universal vote-by-mail does not systematically benefit either party

The project is now complete with all phases finished and documented.

=== Turn 6 completed at Fri Feb 13 21:56:40 PST 2026 with exit code 0 ===
