=== Turn 1 started at Thu Feb 12 17:46:24 PST 2026 ===

I have completed Phase 0. Let me now present the checkpoint summary.

---

## 🛑 CHECKPOINT 0: Project Setup Complete

### Summary of What Has Been Completed

**1. Project Directory Structure Created:**
```
vbm_replication/
├── README.md
├── requirements.txt
├── original/
│   ├── code/ (29 Stata .do files)
│   ├── data/
│   │   ├── raw/ (14 subdirectories with source data)
│   │   └── modified/ (20 .dta files + 3 .csv files)
│   └── paper/
├── code/
├── data/
│   ├── raw/
│   ├── processed/
│   └── extension/
├── notes/
├── output/
│   ├── tables/
│   ├── figures/
│   └── paper/
└── logs/
```

**2. Original Replication Materials Downloaded:**
- Cloned from https://github.com/stanford-dpl/vbm
- All code and data files successfully transferred

**3. Original Code Reviewed:**
- Main analysis scripts identified: `make_partisan_turnout_table.do` (Table 2) and `make_participation_table.do` (Table 3)
- Uses `reghdfe` command for high-dimensional fixed effects
- Specifications: County FE + State×Year FE, with optional linear/quadratic county trends
- Standard errors clustered at county level

**4. Data Files Inventory:**

| File | Dimensions | Description |
|------|------------|-------------|
| `analysis.dta` | 1,454 × 134 | Main analysis dataset |
| `policies.dta` | 2,179 × 12 | VBM policy adoption |
| `participation.dta` | 1,240 × 17 | Turnout/VBM share |
| `governor.dta` | 1,317 × 7 | Gubernatorial results |
| `president.dta` | 911 × 7 | Presidential results |
| `senator.dta` | 544 × 5 | Senate results |
| `county_cvap.dta` | 41,808 × 6 | Citizen VAP data |

**5. Stata-to-Python Translations Identified:**

| Stata Command | Python Equivalent | Notes |
|--------------|-------------------|-------|
| `reghdfe Y X, a(fe1 fe2)` | `linearmodels.PanelOLS` or manual dummies with `statsmodels` | High-dimensional FE |
| `vce(cluster id)` | `cov_type='clustered'` | Clustered SEs |
| `a(county_id##c.year)` | Manual construction | County-specific linear trends |
| `distinct` | `df[var].nunique()` | Count unique values |

### Contents of `notes/original_materials_review.md`

The full document includes:
- Complete file inventory (29 code files, 23 data files)
- Main analysis dataset structure (1,454 obs, 126 counties, 1996-2018)
- Key variable definitions (treatment, outcomes, fixed effects)
- Treatment variation by state (CA: 5 treated obs, UT: 59, WA: 275)
- Missing data patterns
- Detailed Stata-to-Python translation table
- Data sources documentation

### Issues or Concerns

1. **Washington lacks voter file data**: The `share_votes_dem` variable (Democratic turnout share) is missing for WA counties. Table 2 columns 1-3 use only CA and UT (87 counties).

2. **VBM share data only for California**: Table 3 columns 4-6 (VBM share) use only CA data (58 counties).

3. **Python implementation complexity**: The `reghdfe` command with county-specific trends requires careful manual implementation. The `county_id##c.year` syntax creates county × continuous year interactions.

4. **Limited new treatment variation**: For the extension, only California has new VBM adoption variation post-2018. Utah and Washington were already 100% VBM by 2019.

---

**STOP: Awaiting approval to proceed to Phase 1 (Literature Review and Background Research).**

=== Turn 1 completed at Thu Feb 12 17:49:51 PST 2026 with exit code 0 ===
