=== Turn 2 started at Thu Feb 12 17:55:37 PST 2026 ===

---

## 🛑 CHECKPOINT 1: Literature Review Complete

### Summary of What Has Been Completed

**1. Original Paper Summary (`notes/original_paper_summary.md`):**
- Research question: Does universal VBM affect partisan electoral outcomes?
- Identification strategy: Staggered county-level adoption within CA, UT, WA
- Key assumption: Parallel trends (tested via leads and county-specific trends)
- Estimating equation documented with full notation
- Main results from Tables 2 and 3 with exact coefficients and SEs
- Robustness checks summarized
- Implications for extension noted

**2. Literature Review (`notes/literature_review.md`):**

| Authors | Year | Journal | Topic | Verified |
|---------|------|---------|-------|----------|
| Gerber, Huber, and Hill | 2013 | Political Science Research and Methods | WA VBM turnout effects | Yes |
| Kousser and Mullin | 2007 | Political Analysis | CA VBM participation | Yes |
| Southwell and Burchett | 2000 | American Politics Quarterly | OR all-mail elections | Yes |
| Gronke et al. | 2008 | Annual Review of Political Science | Convenience voting review | Yes |
| Berinsky, Burns, and Traugott | 2001 | Public Opinion Quarterly | Who votes by mail | Yes |
| Goodman-Bacon | 2021 | Journal of Econometrics | Staggered DiD methodology | Yes |
| Callaway and Sant'Anna | 2021 | Journal of Econometrics | DiD multiple periods | Yes |
| Sun and Abraham | 2021 | Journal of Econometrics | Event study heterogeneity | Yes |
| Amlani and Collitt | 2022 | Election Law Journal | 2020 VBM effects | Yes |

All 9 papers verified via web search - no hallucinated citations.

**3. Extension Rationale (`notes/extension_rationale.md`):**

*What changed after 2018:*
- COVID-19 pandemic emergency VBM expansion
- VBM became a partisan political issue
- California VCA continued rollout (5 counties in 2018 → 30 by 2024)

*New variation:*
- California: 25 new counties adopted VCA between 2020-2024
- Utah: No new variation (100% VBM by 2019)
- Washington: No new variation (100% VBM since 2011)

*Research questions:*
1. Do null partisan effects hold post-COVID?
2. Is there period heterogeneity (pre vs. post 2018)?
3. Do event study patterns remain similar?

*Limitations acknowledged:*
- Less new variation than original
- Cannot separate VBM from COVID effects in 2020
- Post-2020 dynamics may differ

### Materials Ready for Review

1. **`notes/original_paper_summary.md`** - Complete summary of Thompson et al. (2020) including estimating equations, main results, and robustness checks

2. **`notes/literature_review.md`** - Literature review with 9 verified citations covering foundational VBM studies, post-2020 research, and methodological papers

3. **`notes/extension_rationale.md`** - Detailed rationale for the extension including California VCA adoption timeline, research questions, and acknowledged limitations

---

**STOP: Awaiting approval to proceed to Phase 2 (Replication with Original Data).**

=== Turn 2 completed at Thu Feb 12 18:03:14 PST 2026 with exit code 0 ===
