=== Turn 7 started at Fri Feb 13 22:13:31 PST 2026 ===

The project is now complete. Let me provide a final summary of everything that was accomplished.

## Project Complete: VBM Replication and Extension

### Summary of All Phases

**Phase 0-2 (Previously Completed):**
- Downloaded and examined original replication materials
- Created detailed documentation of original paper and methodology
- Successfully replicated Tables 2 and 3 with all coefficients matching within 0.001

**Phase 3: Extension Data Collection (Completed)**
- Collected California VCA adoption data for all 58 counties (30 adopted, 28 not adopted)
- Downloaded presidential election results 2020-2024 from MIT Election Lab
- Collected 2022 gubernatorial (CA) and Senate (UT, WA) results from MEDSL
- Downloaded CVAP data from Census Bureau (2016-2020 ACS)

**Phase 4: Data Preparation (Completed)**
- Created unified panel dataset with 378 observations (126 counties × 3 years)
- Merged election results, VCA adoption status, and CVAP data
- Generated treatment variables for DiD analysis

**Phase 5: Extension Analysis (Completed)**
- Estimated VCA effects using DiD with county and state-year fixed effects
- Key findings:
  - **Dem Share (Pres)**: -0.013 (SE: 0.008), p=0.096
  - **Turnout (Pres)**: 0.006 (SE: 0.007), p=0.373
- Results confirm Thompson et al. (2020) null findings persist in 2020-2024

**Phase 6: Paper Writing (Completed)**
- Created full replication paper at `paper/replication_paper.md`

**Phase 7: Code Organization (Completed)**
- Updated README with key findings and instructions
- All code, data, notes, and outputs organized in project structure

### Final Deliverables

| Deliverable | Location |
|-------------|----------|
| Replication Paper | `paper/replication_paper.md` |
| Replication Code | `code/02_replicate.py` |
| Extension Analysis | `code/05_extension_analysis.py` |
| Results Tables | `output/tables/` |
| Documentation | `notes/` (8 files) |

The replication and extension project is complete. The analysis confirms that universal vote-by-mail has no substantial partisan effects on turnout or vote share, both in the original 1996-2018 period and in the 2020-2024 extension period.

=== Turn 7 completed at Fri Feb 13 22:13:47 PST 2026 with exit code 0 ===
