=== Turn 1 started at Sat Jan 31 23:10:13 PST 2026 ===

---

## CHECKPOINT 0: Project Setup Complete

### Summary of what's been completed:

**1. Directory structure** - Created full project tree with `original/`, `code/`, `data/`, `notes/`, `output/`, `logs/` subdirectories.

**2. Original replication materials downloaded** - Cloned from `https://github.com/stanford-dpl/vbm`. Contains:
- 29 Stata `.do` files (data prep + analysis)
- 23 modified data files (`.dta` and `.csv`)
- 14 directories of raw data

**3. Original code reviewed and documented** - Key findings in `notes/original_materials_review.md`:
- Main analysis dataset: `analysis.dta` (1,454 rows × 134 cols; 126 counties, 3 states, 1996-2018)
- Table 2 produced by `make_partisan_turnout_table.do` using `reghdfe` with county FE + state×year FE
- Table 3 produced by `make_participation_table.do` with same structure
- Treatment variable `treat` is staggered: WA (1996-2012), UT (2012-2018), CA (2018 only, 5 VCA counties)

**4. Data files inventory:**

| Key File | Dimensions | 
|----------|-----------|
| `analysis.dta` | 1,454 × 134 |
| `policies.dta` | 2,179 × 12 |
| `participation.dta` | 1,240 × 17 |
| `governor.dta` | 1,317 × 7 |
| `president.dta` | 911 × 7 |
| `senator.dta` | 544 × 5 |

**5. Stata-to-Python translations identified:**
- `reghdfe` → `linearmodels.AbsorbingLS` or manual demeaning + `statsmodels`
- County-specific trends via interaction terms
- Clustered SEs at county level (126 clusters)
- `reshape long` → `pd.melt()`

**Issues:** None. All materials downloaded and examined successfully.

**Waiting for approval to proceed to Phase 1 (Literature Review and Background Research).**

=== Turn 1 completed at Sat Jan 31 23:13:30 PST 2026 with exit code 0 ===
=== Turn 2 started at Sat Jan 31 23:14:05 PST 2026 ===

---

## CHECKPOINT 1: Literature Review Complete

### Summary of what's been completed:

**1. Original paper thoroughly summarized** (`notes/original_paper_summary.md`):
- Research question: Does universal VBM affect partisan electoral outcomes?
- Method: County-level DiD exploiting staggered VBM adoption in CA, UT, WA (1996-2018)
- Key equation: Y_cst = beta*VBM_cst + county_FE + state_year_FE + epsilon_cst
- Main findings: Null partisan effects; ~2pp turnout increase; 14-19pp VBM share increase
- Three specifications: basic, linear trends, quadratic trends

**2. Literature review completed with 12 verified citations** (`notes/literature_review.md`):

| Authors | Year | Journal | Verified? |
|---------|------|---------|-----------|
| Thompson, Wu, Yoder, Hall | 2020 | PNAS 117(25) | Yes |
| Gerber, Huber, Hill | 2013 | PSRM 1(1) | Yes |
| Kousser, Mullin | 2007 | Political Analysis 15(4) | Yes |
| Southwell, Burchett | 2000 | American Politics Quarterly 28(1) | Yes |
| Gronke et al. | 2008 | Annual Review of Political Science 11 | Yes |
| Berinsky, Burns, Traugott | 2001 | Public Opinion Quarterly 65(2) | Yes |
| Barber, Holbein | 2020 | Science Advances 6(35) | Yes |
| Amlani, Collitt | 2022 | Election Law Journal 21(1) | Yes |
| Lockhart et al. | 2020 | PNAS 117(40) | Yes |
| Goodman-Bacon | 2021 | Journal of Econometrics 225(2) | Yes |
| Callaway, Sant'Anna | 2021 | Journal of Econometrics 225(2) | Yes |
| Sun, Abraham | 2021 | Journal of Econometrics 225(2) | Yes |

All 12 citations verified via web search with publisher URLs confirmed.

**3. Extension rationale documented** (`notes/extension_rationale.md`):
- California VCA rollout provides the main new variation: 5 counties in 2018, 15 in 2020, 28 in 2022, 30 in 2024
- UT and WA are fully treated by 2019---no new identifying variation
- Key question: Do null partisan effects survive the post-COVID era when VBM became politically polarized?
- Key limitations: COVID confounding in 2020; California-only new variation; Governor Newsom's 2020 executive order may attenuate VCA vs non-VCA distinction

**Waiting for approval to proceed to Phase 2 (Replication with Original Data).**

=== Turn 2 completed at Sat Jan 31 23:23:44 PST 2026 with exit code 0 ===
=== Turn 3 started at Sat Jan 31 23:24:55 PST 2026 ===

---

## CHECKPOINT 2: Replication Complete

### Replication Comparison Table

**Table 2: Partisan Outcomes**

| Col | Outcome | Specification | Original | Replicated | Difference |
|-----|---------|--------------|----------|------------|------------|
| 1 | Dem Turnout Share | Basic | 0.007 (0.003) | 0.007 (0.003) | +0.000 |
| 2 | Dem Turnout Share | Linear Trends | 0.001 (0.001) | 0.001 (0.001) | +0.000 |
| 3 | Dem Turnout Share | Quad Trends | 0.001 (0.001) | 0.001 (0.001) | -0.000 |
| 4 | Dem Vote Share | Basic | 0.028 (0.011) | 0.029 (0.011) | +0.001 |
| 5 | Dem Vote Share | Linear Trends | 0.011 (0.004) | 0.011 (0.004) | -0.000 |
| 6 | Dem Vote Share | Quad Trends | 0.007 (0.003) | 0.007 (0.003) | -0.001 |

**Table 3: Participation Outcomes**

| Col | Outcome | Specification | Original | Replicated | Difference |
|-----|---------|--------------|----------|------------|------------|
| 1 | Turnout | Basic | 0.021 (0.009) | 0.021 (0.009) | +0.000 |
| 2 | Turnout | Linear Trends | 0.022 (0.007) | 0.022 (0.007) | -0.001 |
| 3 | Turnout | Quad Trends | 0.021 (0.008) | 0.021 (0.007) | +0.000 |
| 4 | VBM Share | Basic | 0.186 (0.027) | 0.186 (0.026) | +0.000 |
| 5 | VBM Share | Linear Trends | 0.157 (0.035) | 0.158 (0.033) | +0.001 |
| 6 | VBM Share | Quad Trends | 0.136 (0.085) | 0.136 (0.076) | -0.000 |

### Assessment
- All 12 point estimates match within rounding tolerance (max difference: 0.0005)
- County counts match exactly: 87 (Dem turnout), 126 (vote share, turnout), 58 (VBM share)
- Standard errors are very close; minor differences in the quadratic VBM share SE (0.085 vs 0.076) likely reflect finite-sample correction differences between Stata's `reghdfe` and our implementation
- **Qualitative conclusions are identical to the original paper**

### Discrepancies
- No substantive discrepancies. All differences are within numerical precision of the 3-decimal-place reporting in the original paper.
- The minor SE difference in Table 3 col 6 (quadratic VBM share) is the largest discrepancy. This is a highly saturated model (58 county FE + 10 state-year FE + 58 county linear trends + 58 county quadratic trends, with only 580 observations), so small numerical differences in the projection algorithm are expected.

### Code
The replication code is in `code/02_replicate.py`. It uses iterative demeaning (alternating projections) to absorb multi-way fixed effects, then computes OLS on residuals with clustered standard errors at the county level.

**Waiting for approval to proceed to Phase 3 (Extension Data Collection).**

=== Turn 3 completed at Sat Jan 31 23:28:59 PST 2026 with exit code 0 ===
=== Turn 4 started at Sun Feb  1 21:57:17 PST 2026 ===

You've hit your limit · resets 2am (America/Los_Angeles)
=== Turn 5 started at Sun Feb  1 22:20:12 PST 2026 ===

You've hit your limit · resets 2am (America/Los_Angeles)
=== Turn 6 started at Mon Feb  2 08:35:02 PST 2026 ===

---

## Checkpoint 3: Extension Data Collection

### Data Collected

**Election Results** — `data/extension/extension_election_data.csv` (378 rows: 126 counties × 3 years)

| State | Counties | 2020 | 2022 | 2024 |
|-------|----------|------|------|------|
| CA | 58 | Presidential | Governor | Presidential |
| UT | 29 | Presidential | Senate | Presidential |
| WA | 39 | Presidential | Senate | Presidential |

**Sources:**
- CA: Official CA Secretary of State county-level certified results
- UT 2020/2024: `tonmcg/US_County_Level_Election_Results_08-24` (GitHub)
- UT 2022: OpenElections precinct data, aggregated to county level (Lee vs McMullin; McMullin coded as opposition)
- WA 2020/2024: Same tonmcg GitHub source
- WA 2022: WA Secretary of State certified results (Murray vs Smiley)

**CA VBM Adoption** — `data/extension/california_vbm_adoption.csv` (58 rows)

Verified against CA Secretary of State VCA participating counties list:
- 2018: 5 counties (pilot)
- 2020: +10 = 15 cumulative
- 2022: +14 = 29 cumulative
- 2024: +1 (Placer) = 30 cumulative
- Non-VCA: 28 counties

**CVAP** — Approximated by applying state-level growth factors (from Census/ACS) to last available CVAP from original data. This is acknowledged as an approximation.

### Validation Results

All checks pass:
- 378 rows, 126 counties × 3 years, no missing core data
- CA 2020 statewide totals within 0.01% of official (11,109,764 vs 11,110,250 Dem)
- UT 2020/2022 match official totals exactly
- Dem vote share range: [0.099, 0.870] — plausible
- Turnout range: [0.278, 1.207] — 2 observations >1.0 (Daggett County, UT, pop ~500; artifact of CVAP approximation)
- VCA adoption: 30 counties verified against SoS (corrected: San Bernardino was erroneously included, now removed)

### Known Issues / Limitations

1. **CVAP is approximate**: Growth factors (3-12% by state) applied to original-period CVAP rather than county-specific Census data
2. **UT 2022 "dem_votes" is actually McMullin (Independent)**: The 2022 Utah Senate had no Democratic candidate; Evan McMullin ran as independent opposition to Mike Lee. Coded as `dem_votes` for structural consistency.
3. **Daggett County turnout >1.0**: Very small county, CVAP approximation underestimates denominator
4. **CA 2022 is Governor, not President/Senate**: This matches the original paper's inclusion of governor races for CA

### Files Produced

- `code/03_collect_extension.py` — Data collection and assembly script
- `data/extension/extension_election_data.csv` — Main extension dataset
- `data/extension/california_vbm_adoption.csv` — VCA adoption by county
- `data/raw/california_county_election_results.csv` — Raw CA election data
- `data/raw/tonmcg_2020.csv`, `data/raw/tonmcg_2024.csv` — Presidential county data
- `data/raw/utah_2022_senate_county.csv` — UT 2022 Senate aggregated data
- `data/raw/ut_2022_precinct.csv` — UT 2022 precinct raw data
- `notes/extension_rationale.md` — Extension motivation and research questions

Ready for your review. Please approve to proceed to Phase 4 (data merging and analysis variable construction).

=== Turn 6 completed at Mon Feb  2 08:48:09 PST 2026 with exit code 0 ===
=== Turn 7 started at Mon Feb  2 09:17:34 PST 2026 ===

You've hit your limit · resets 1pm (America/Los_Angeles)
=== Turn 8 started at Mon Feb  2 14:19:37 PST 2026 ===

---

## Checkpoint 5: Extension Analysis

### Key Results

**Full Sample (1996-2024):**
- Dem Vote Share: 0.0035 (SE 0.0030) with quadratic trends — null effect confirmed
- Turnout: 0.0130** (SE 0.0056) with quadratic trends — ~1.3pp boost persists

**Heterogeneity (VBM × Post-2018):**
- The interaction term is negative and significant for turnout (-0.027 to -0.029), suggesting the turnout-boosting effect weakened post-2018 (likely COVID confound)
- For vote share, the interaction is also negative (-0.013 to -0.021), but combined effects remain small

**CA-Only Analysis:**
- Vote share: -0.0041 (linear trends) — null effect
- Turnout: -0.0048 (linear trends) — null, attenuated by 2020 EO

**Event Study:**
- Clean pre-trends (no significant leads for either outcome)
- Post-treatment coefficients small and insignificant for vote share
- Supports parallel trends assumption

**Robustness (Exclude 2020):**
- Results qualitatively similar; turnout effect slightly stronger

### Files Produced
- `code/05_extension_analysis.py` — Full analysis script
- `output/tables/extension_main_results.csv` — Compiled results
- `output/tables/event_study_dem_voteshare.csv` — Event study coefficients
- `output/tables/event_study_turnout.csv` — Event study coefficients
- `notes/extension_findings.md` — Detailed findings writeup

Ready for your review. Approve to proceed to Phase 6 (paper writing).

=== Turn 8 completed at Mon Feb  2 14:22:38 PST 2026 with exit code 0 ===
=== Turn 9 started at Mon Feb  2 15:07:04 PST 2026 ===

---

## Checkpoint 6: Paper

The complete paper has been written to `output/paper/paper.md`. It includes:

**Structure:**
1. Abstract (~250 words)
2. Introduction (motivation, contributions, preview of findings)
3. Literature Review (4 subsections: turnout, partisan outcomes, COVID polarization, staggered DiD methods)
4. Data and Methods (original data, extension data, empirical strategy, implementation)
5. Replication Results (Table 1: all 12 estimates match original)
6. Extension Results:
   - Table 2: Full sample main results
   - Table 3: Period comparison
   - Table 4: VBM × Post-2018 interaction
   - Table 5: California-only
   - Table 6: Event study coefficients
   - Table 7: Robustness excluding 2020
7. Discussion (summary, COVID confound, limitations, policy implications)
8. Conclusion
9. References (12 verified citations)

**Formatted table CSVs saved to `output/tables/`:**
- `table1_replication_comparison.csv`
- `table2_extension_main.csv`
- `table3_period_comparison.csv`
- `table4_heterogeneity.csv`
- `table5_california_only.csv`
- `event_study_dem_voteshare.csv`
- `event_study_turnout.csv`
- `table7_robustness_no2020.csv`

Ready for your review. Approve to proceed to Phase 7 (code organization and final deliverables).

=== Turn 9 completed at Mon Feb  2 15:11:13 PST 2026 with exit code 0 ===
=== Turn 10 started at Mon Feb  2 15:30:08 PST 2026 ===

---

## Checkpoint 7 (Final): Code Organization and Deliverables

All phases are complete. Here is the final project summary.

### Deliverables

**Code** (4 scripts, sequential pipeline):
| Script | Purpose | Input | Output |
|--------|---------|-------|--------|
| `02_replicate.py` | Replicate Tables 2 & 3 | `analysis.dta` | `table2_replication.csv`, `table3_replication.csv` |
| `03_collect_extension.py` | Collect 2020-2024 data | Raw CSVs | `extension_election_data.csv`, `california_vbm_adoption.csv` |
| `04_merge_data.py` | Merge original + extension | `analysis.dta` + extension | `full_analysis_data.csv` |
| `05_extension_analysis.py` | Extension analysis | `full_analysis_data.csv` | All extension tables |

**Data** (3 directories):
- `data/raw/` — 5 raw source files (CA elections, tonmcg 2020/2024, UT precinct, UT county)
- `data/extension/` — 2 processed extension files
- `data/processed/` — 1 merged analysis dataset (1,832 rows)

**Output** (11 tables + 1 paper):
- `output/tables/` — 11 CSV result tables (replication, extension main, period comparison, heterogeneity, CA-only, event study, robustness)
- `output/paper/paper.md` — Complete manuscript (~6,000 words, 7 sections, 7 tables, 12 references)

**Notes** (7 documentation files):
- Original materials review, paper summary, data examination
- Literature review (12 verified citations), extension rationale
- Replication comparison, extension findings

**Project files:**
- `requirements.txt` — Python dependencies (pandas, numpy, statsmodels, scipy)
- `README.md` — Reproduction instructions and project overview

### Validation Summary
- All 4 scripts run cleanly end-to-end without errors
- Replication: all 12 coefficients match original within 0.0005
- Extension data: 378 rows, 126 counties × 3 years, no missing core data
- Merged data: 1,832 rows (1,454 original + 378 extension)
- VCA adoption: 30 counties verified against CA SoS

### Key Findings
1. The null partisan effect of VBM holds through 2024 (coef = 0.004, SE = 0.003)
2. Turnout effect persists (~1.3pp) but attenuated post-2018 (COVID confound)
3. Clean event study: no pre-trends for either outcome
4. Results robust to excluding 2020

=== Turn 10 completed at Mon Feb  2 15:31:59 PST 2026 with exit code 0 ===
=== Turn 11 started at Mon Feb  2 16:28:11 PST 2026 ===

The project is complete. All seven phases have been executed and approved at each checkpoint:

- **Phase 0** — Cloned replication repo, organized directory structure, documented original materials
- **Phase 1** — Literature review with 12 verified citations, original paper summary, extension rationale
- **Phase 2** — Python replication of Tables 2 and 3, all 12 estimates within rounding tolerance
- **Phase 3** — Collected 2020/2022/2024 election data for CA, UT, WA; verified 30 VCA counties against CA SoS
- **Phase 4** — Merged original (1,454 rows) with extension (378 rows) into 1,832-row analysis dataset
- **Phase 5** — Main results, heterogeneity tests, CA-only analysis, event study, robustness checks
- **Phase 6** — Complete ~6,000-word academic paper with 7 tables and 12 references
- **Phase 7** — requirements.txt, README.md, end-to-end validation of all scripts

The project root is `vbm_replication/` and all deliverables are organized as specified.

=== Turn 11 completed at Mon Feb  2 16:28:27 PST 2026 with exit code 0 ===
