=== Turn 1 started at Sat Jan 31 23:10:13 PST 2026 ===

---

## CHECKPOINT 0: Project Setup Complete

### Summary of what's been completed:

**1. Directory structure** - Created full project tree with `original/`, `code/`, `data/`, `notes/`, `output/`, `logs/` subdirectories.

**2. Original replication materials downloaded** - Cloned from `https://github.com/stanford-dpl/vbm`. Contains:
- 29 Stata `.do` files (data prep + analysis)
- 23 modified data files (`.dta` and `.csv`)
- 14 directories of raw data

**3. Original code reviewed and documented** - Key findings in `notes/original_materials_review.md`:
- Main analysis dataset: `analysis.dta` (1,454 rows × 134 cols; 126 counties, 3 states, 1996-2018)
- Table 2 produced by `make_partisan_turnout_table.do` using `reghdfe` with county FE + state×year FE
- Table 3 produced by `make_participation_table.do` with same structure
- Treatment variable `treat` is staggered: WA (1996-2012), UT (2012-2018), CA (2018 only, 5 VCA counties)

**4. Data files inventory:**

| Key File | Dimensions | 
|----------|-----------|
| `analysis.dta` | 1,454 × 134 |
| `policies.dta` | 2,179 × 12 |
| `participation.dta` | 1,240 × 17 |
| `governor.dta` | 1,317 × 7 |
| `president.dta` | 911 × 7 |
| `senator.dta` | 544 × 5 |

**5. Stata-to-Python translations identified:**
- `reghdfe` → `linearmodels.AbsorbingLS` or manual demeaning + `statsmodels`
- County-specific trends via interaction terms
- Clustered SEs at county level (126 clusters)
- `reshape long` → `pd.melt()`

**Issues:** None. All materials downloaded and examined successfully.

**Waiting for approval to proceed to Phase 1 (Literature Review and Background Research).**

=== Turn 1 completed at Sat Jan 31 23:13:30 PST 2026 with exit code 0 ===
