=== Turn 9 started at Mon Feb  2 15:07:04 PST 2026 ===

---

## Checkpoint 6: Paper

The complete paper has been written to `output/paper/paper.md`. It includes:

**Structure:**
1. Abstract (~250 words)
2. Introduction (motivation, contributions, preview of findings)
3. Literature Review (4 subsections: turnout, partisan outcomes, COVID polarization, staggered DiD methods)
4. Data and Methods (original data, extension data, empirical strategy, implementation)
5. Replication Results (Table 1: all 12 estimates match original)
6. Extension Results:
   - Table 2: Full sample main results
   - Table 3: Period comparison
   - Table 4: VBM × Post-2018 interaction
   - Table 5: California-only
   - Table 6: Event study coefficients
   - Table 7: Robustness excluding 2020
7. Discussion (summary, COVID confound, limitations, policy implications)
8. Conclusion
9. References (12 verified citations)

**Formatted table CSVs saved to `output/tables/`:**
- `table1_replication_comparison.csv`
- `table2_extension_main.csv`
- `table3_period_comparison.csv`
- `table4_heterogeneity.csv`
- `table5_california_only.csv`
- `event_study_dem_voteshare.csv`
- `event_study_turnout.csv`
- `table7_robustness_no2020.csv`

Ready for your review. Approve to proceed to Phase 7 (code organization and final deliverables).

=== Turn 9 completed at Mon Feb  2 15:11:13 PST 2026 with exit code 0 ===
