=== Turn 1 started at Mon Feb  2 16:30:41 PST 2026 ===

---

## 🛑 CHECKPOINT 0: Project Setup Complete

Here is my summary for your review:

### What's been completed:
1. **Project directory structure** created with all required subdirectories
2. **Original replication materials** cloned from `github.com/stanford-dpl/vbm` and organized into the project structure
3. **Original code and data thoroughly reviewed** and documented

### Key findings from the original materials review:

**Data files inventory:**
- `analysis.dta`: 1,454 rows × 134 columns — main analysis dataset (county-year panel, general elections, 1996-2018)
- 126 counties: CA (58), UT (29), WA (39)
- 12 election years: 1996-2018 (even years)
- 24 .dta files plus CSVs in the modified data directory
- Extensive raw data in subdirectories for each state

**Key variables identified:**
- `treat`: Binary VBM treatment indicator (339 treated obs total)
- `share_votes_dem`: Democratic share of turnout (CA + UT only, 87 counties)
- `dem_share_gov/pres/sen`: Democratic two-party vote shares (reshaped long for Table 2 cols 4-6)
- `turnout_share`: Ballots cast / CVAP
- `vbm_share`: Share of ballots cast by mail (CA only)

**Stata specifications documented:**
- Table 2: `reghdfe` with `treat` on `share_votes_dem` (cols 1-3) and reshaped `dem_share` (cols 4-6), with county FE + state×year FE, optionally county linear/quadratic trends, clustered SEs at county level
- Table 3: Same structure for `turnout_share` (all states) and `vbm_share` (CA only)
- Python translation strategy: Use explicit dummy variable regression via `statsmodels` or `linearmodels.AbsorbingLS`

**Issues found:**
- Missing values are substantial (as expected): `share_votes_dem` missing for WA (468 NAs), vote share variables missing when no election of that type occurred
- The dataset is not perfectly balanced across counties and years
- No data issues that would prevent replication

### Files created:
- `notes/original_materials_review.md` — comprehensive documentation
- `notes/stata_python_translations.md` — translation strategy
- `requirements.txt` — Python dependencies

**Should I proceed to Phase 1 (Literature Review and Background Research)?**

=== Turn 1 completed at Mon Feb  2 16:34:41 PST 2026 with exit code 0 ===
