=== Turn 13 started at Wed Feb 11 10:00:29 PST 2026 ===

The project is now fully complete. Let me provide a final summary of everything that was accomplished:

---

## PROJECT COMPLETE: VBM Replication and Extension

### Summary of All Phases

| Phase | Description | Status |
|-------|-------------|--------|
| 0 | Project Setup | ✓ Complete |
| 1 | Literature Review | ✓ Complete |
| 2 | Replication | ✓ Complete |
| 3 | Data Collection | ✓ Complete |
| 4 | Data Preparation | ✓ Complete |
| 5 | Extension Analysis | ✓ Complete |
| 6 | Paper Writing | ✓ Complete |
| 7 | Final Deliverables | ✓ Complete |

### Key Deliverables

**Code (8 scripts):**
- `00_run_all.py` - Master execution script
- `02_replicate.py` - Replication of original Tables 2 & 3
- `03_validate_extension_data.py` - Data validation
- `04_build_extension_dataset.py` - Dataset construction
- `05_extension_analysis_v2.py` - Main extension analysis
- `06_create_figures.py` - Publication figures
- `extract_cvap.py` - Census CVAP extraction

**Data:**
- 1,803 county-election observations (1996-2024)
- 126 counties across CA, UT, WA
- 23 extension data files

**Paper:**
- Complete LaTeX manuscript (`vbm_extension_paper.tex`)
- 8 tables documenting all results
- 5 publication-quality figures

**Documentation:**
- README with full instructions
- 11 notes files covering methodology, data sources, and findings

### Main Finding

**The original Thompson et al. (2020) conclusion is CONFIRMED:**

> Universal vote-by-mail has no systematic impact on partisan vote share and modestly increases turnout (~2 percentage points).

This finding holds through the 2024 election cycle, including the post-COVID era with expanded mail voting nationwide.

---

The project is ready for use. To run all analyses:

```bash
cd vbm_replication/code
python 00_run_all.py
```

=== Turn 13 completed at Wed Feb 11 10:00:40 PST 2026 with exit code 0 ===
