=== Turn 11 started at Wed Feb 11 07:29:17 PST 2026 ===

---

## CHECKPOINT 6: Paper Draft Complete

### Phase 6 Summary: Academic Paper

I have completed a full draft of the academic paper. Here's what was created:

#### Paper Structure

**Title:** "Universal Vote-by-Mail in the Post-COVID Era: A Replication and Extension of Thompson et al. (2020)"

**Sections:**
1. **Introduction** - Motivates the study, summarizes findings
2. **Literature Review** - Reviews VBM research, details original Thompson et al. study
3. **Data** - Describes original and extension data sources
4. **Empirical Strategy** - Explains DiD methodology and specifications
5. **Results** - Presents replication and extension findings
6. **Discussion** - Interprets findings, addresses limitations
7. **Conclusion** - Summarizes implications
8. **Appendix** - Data sources, replication code information

#### Key Tables (8 total)
1. Replication of Thompson et al. Tables 2 and 3
2. California VCA Adoption Timeline
3. California VCA Effects (1998-2024)
4. Three-State VBM Effects (1996-2024)
5. Original vs. Extension Period Comparison
6. VCA vs. Non-VCA Descriptive Statistics
7. Turnout by Year and VCA Status
8. Summary of Key Findings

#### Figures (5 total)
1. **VCA Adoption Timeline** - Bar chart of cumulative VCA counties
2. **Treatment Status Over Time** - Line plot of VBM adoption by state
3. **Turnout by VCA Status** - Grouped bar chart for CA 2020-2024
4. **Coefficient Comparison** - Original vs. extension effect sizes
5. **Turnout Trends by State** - Presidential year turnout over time

#### Files Created
- `paper/vbm_extension_paper.tex` - Complete LaTeX manuscript
- `paper/tables.md` - Standalone tables in Markdown
- `paper/figures/` - 5 figures in PNG and PDF formats
- `code/06_create_figures.py` - Figure generation script

#### Paper Abstract
> Thompson, Wu, Yoder, and Hall (2020) found that universal vote-by-mail (VBM) had no impact on partisan turnout or vote share in California, Utah, and Washington through 2018. I replicate their analysis and extend it through the 2024 election cycle... The extension analysis finds small, sometimes statistically significant positive effects on Democratic vote share, but these likely reflect selection bias... Turnout effects remain positive and significant at approximately 2 percentage points, consistent with the original study.

#### Main Conclusions
1. **Partisan effects remain small** - VBM does not systematically advantage either party
2. **Turnout effects are robust** - ~2pp increase confirmed through 2024
3. **Original findings supported** - Post-COVID era does not change conclusions

---

**Ready to proceed to Phase 7:** Code organization and final deliverables.

=== Turn 11 completed at Wed Feb 11 07:33:02 PST 2026 with exit code 0 ===
