=== Turn 6 started at Thu Feb 12 07:04:26 PST 2026 ===

---

## CHECKPOINT 4: Extension Dataset Ready

I have completed Phase 4. Here is the summary:

### Combined Dataset Statistics:

**Total observations**: 1,832
- Original period (1996-2018): 1,454 observations
- Extension period (2020-2024): 378 observations

**By State**:
| State | Original | Extension | Total |
|-------|----------|-----------|-------|
| California | 638 | 174 | 812 |
| Utah | 348 | 87 | 435 |
| Washington | 468 | 117 | 585 |

**Treatment Status**:
| Period | State | % Treated |
|--------|-------|-----------|
| Original | CA | 0.8% |
| Original | UT | 17.0% |
| Original | WA | 58.8% |
| Extension | CA | 43.1% |
| Extension | UT | 100.0% |
| Extension | WA | 100.0% |

**Key Finding**: Treatment variation in the extension comes primarily from California (43% treated vs 0.8% in original period). Utah and Washington are now 100% treated, providing no new within-state variation.

### Variables Constructed:

- `treat`: VBM treatment indicator (=1 if year >= vbm_first_year)
- `dem_share`: Democratic two-party vote share
- `turnout_share`: Total votes / CVAP
- `state_year`: State-year fixed effect identifier
- `period`: "original" or "extension"
- `post_2018`: Indicator for extension period
- `year2`: Year squared for quadratic trends

### Summary Statistics:

| Period | Mean Turnout | Mean Dem Share |
|--------|--------------|----------------|
| Original (1996-2018) | 0.542 | 0.428 |
| Extension (2020-2024) | 0.667 | 0.414 |

Turnout is notably higher in the extension period (66.7% vs 54.2%), reflecting the high-turnout 2020 and 2024 presidential elections.

### Files Created:

- `data/processed/full_analysis_data.csv` (1,832 rows)
- `output/tables/summary_stats_extended.csv`

### Data Quality:

- All 126 counties present in both periods
- No unexpected missing values
- Treatment coding verified against VCA/VBM adoption dates

---

**STOP**: Waiting for approval to proceed to Phase 5 (Extension Analysis).

=== Turn 6 completed at Thu Feb 12 07:05:54 PST 2026 with exit code 0 ===
