=== Turn 7 started at Thu Feb 12 07:10:28 PST 2026 ===

---

## **CHECKPOINT 5: EXTENSION ANALYSIS COMPLETE**

### Summary of Extension Analysis Results

**Task 5.1 - Main Results with Extended Data (1996-2024):**
- Democratic vote share: 0.5pp (SE 0.4pp) with quadratic trends - statistically insignificant
- Turnout: 1.5pp (SE 0.6pp) with quadratic trends - smaller than original 2.1pp

**Task 5.2 - Heterogeneous Effects by Period:**
- VBM × Post2018 interaction for dem vote share: -0.005 (SE 0.008) - not significant
- No evidence that partisan effects differ between 1996-2018 and 2020-2024

**Task 5.3 - Separate Estimates by Period:**
- Original period replicates Table 2/3 results
- Extension period shows near-zero effects with trend controls

**Task 5.4 - California-Specific Analysis:**
- VCA has no significant effect on Democratic vote share (0.6pp, SE 0.4pp)
- Small positive turnout effect (1.1pp, SE 0.7pp) - not significant

**Task 5.5 - Event Study:**
- Collinearity issues due to sparse event-time cells with fixed effects
- Limited pre/post-treatment variation in California VCA adoption

**Task 5.6 - Robustness Checks:**
- Results robust to excluding 2020 COVID election
- Extension-only estimates confirm null findings

### Key Finding

**The null partisan effects of universal vote-by-mail documented in Thompson et al. (2020) persist in the post-COVID era.** VBM has no meaningful impact on Democratic vote share across all specifications, time periods, and subsamples.

### Files Generated
- `output/tables/extension_main_results.csv`
- `output/tables/extension_heterogeneous_effects.csv`
- `output/tables/extension_by_period.csv`
- `output/tables/extension_california.csv`
- `output/tables/extension_robustness.csv`
- `notes/checkpoint5_extension_analysis.md`

---

**STOP: Awaiting approval to proceed to Phase 6 (Paper Writing).**

=== Turn 7 completed at Thu Feb 12 07:15:14 PST 2026 with exit code 0 ===
