=== Turn 9 started at Thu Feb 12 17:20:05 PST 2026 ===

---

## **CHECKPOINT 6 & 7: PAPER WRITING AND FINAL DELIVERABLES COMPLETE**

### Phase 6 Summary: Paper Writing

The complete academic paper has been written with all required sections:

**Paper**: `paper/vbm_extension_paper.md`
- **Abstract**: Summary of replication and extension findings
- **Introduction**: Motivation, contribution, overview
- **Literature Review**: 15 citations covering VBM research
- **Data and Methods**: Original data, extension data, TWFE methodology
- **Replication Results**: Table 1-2 comparing to original
- **Extension Results**: Tables 3-7 with main findings, heterogeneity tests, robustness
- **Discussion and Conclusion**: Policy implications, limitations
- **References**: Complete bibliography
- **Appendices**: Data definitions, additional results

**Tables**: `paper/tables.md`
- 7 main regression tables
- 2 appendix tables (summary statistics, VCA adoption)

### Phase 7 Summary: Final Deliverables

**Code Files** (5 scripts):
1. `01_examine_original.py` - Data exploration
2. `02_replicate.py` - Replication analysis
3. `03_collect_extension.py` - Extension data collection
4. `04_prepare_data.py` - Data merging
5. `05_extension_analysis.py` - Extension analysis

**Output Files** (5 CSV tables):
- `extension_main_results.csv`
- `extension_heterogeneous_effects.csv`
- `extension_by_period.csv`
- `extension_california.csv`
- `extension_robustness.csv`

**Documentation** (7 notes files):
- Original materials review
- Original paper summary
- Literature review
- Extension rationale
- Replication comparison
- Checkpoint 5 summary
- Final deliverables checklist

**README**: Updated with full project documentation

---

## Key Findings

### Replication
- All Table 2 and Table 3 estimates replicated within 0.002 of published values
- Confirms computational reproducibility of Thompson et al. (2020)

### Extension
| Finding | Estimate | SE | Interpretation |
|---------|----------|-----|----------------|
| Dem Vote Share (full, quad) | 0.005 | 0.004 | No partisan effect |
| VBM × Post2018 | -0.005 | 0.008 | No differential effect |
| CA VCA Effect | 0.006 | 0.004 | No partisan impact |
| Turnout (full, quad) | 0.015 | 0.006 | Small positive effect |

### Substantive Conclusion
**Universal vote-by-mail has no meaningful impact on partisan electoral outcomes.** This null finding, first documented using 1996-2018 data, persists through the COVID-19 pandemic and into 2024. Despite dramatic expansion of mail voting and intense political debate, empirical evidence shows no partisan advantage to either party.

---

**PROJECT STATUS: COMPLETE**

All 7 phases finished. All checkpoints passed. The replication and extension of Thompson et al. (2020) is ready for review.

=== Turn 9 completed at Thu Feb 12 17:22:03 PST 2026 with exit code 0 ===
