=== Turn 1 started at Wed Feb 11 22:15:17 PST 2026 ===

---

## CHECKPOINT 0: Project Setup Complete

I have completed Phase 0. Here is the summary:

### Completed Tasks:

1. **Project directory structure created** - Full structure with `original/`, `code/`, `data/`, `notes/`, `output/`, and `logs/` directories

2. **Original replication materials downloaded** from https://github.com/stanford-dpl/vbm

3. **Original code reviewed and documented** - The main analysis files are:
   - `make_partisan_turnout_table.do` - Creates Table 2 (partisan outcomes)
   - `make_participation_table.do` - Creates Table 3 (participation outcomes)

4. **Data files inventory complete**:
   - Main analysis file: `analysis.dta` (1,454 rows × 134 columns)
   - 126 counties total: CA (58), UT (29), WA (39)
   - Years covered: 1996-2018 (12 elections)

5. **Stata-to-Python translations identified**:
   - `reghdfe` → `linearmodels.PanelOLS` or `pyfixest`
   - `absorb()` → entity/time effects
   - `vce(cluster)` → clustered standard errors
   - County-specific trends require manual interaction term creation

### Key Files Created:
- `vbm_replication/notes/original_materials_review.md` - Comprehensive documentation
- `vbm_replication/requirements.txt` - Python dependencies
- `vbm_replication/README.md` - Project overview

### Issues or Concerns:
- None identified. Materials downloaded successfully and structure is clear.

### Contents of `notes/original_materials_review.md`:
The document includes:
- Complete file inventory (code and data)
- Main analysis workflow
- Key variable definitions (treatment, outcomes, fixed effects)
- Sample characteristics (geographic coverage, treatment variation, missing data)
- Stata commands used and their Python equivalents

---

**STOP**: Waiting for approval to proceed to Phase 1 (Literature Review and Background Research).

=== Turn 1 completed at Wed Feb 11 22:19:11 PST 2026 with exit code 0 ===
