=== Turn 3 started at Wed Feb 11 23:21:41 PST 2026 ===

---

## CHECKPOINT 2: Replication Complete

I have completed Phase 2. Here is the summary:

### Completed Tasks:

1. **Data Examination** - Loaded and examined the original `analysis.dta` file:
   - 1,454 observations, 134 variables
   - 126 counties: CA (58), UT (29), WA (39)
   - Years: 1996-2018 (12 election years)
   - Key variables present: `treat`, `share_votes_dem`, `dem_share_gov/pres/sen`, `turnout_share`, `vbm_share`

2. **Table 2 Replication** - Democratic Partisan Outcomes:

| Outcome | Spec | Original | Replicated | Diff |
|---------|------|----------|------------|------|
| Dem Turnout Share | Basic | 0.007 | 0.007 | +0.0002 |
| Dem Turnout Share | Linear | 0.001 | 0.001 | +0.0001 |
| Dem Turnout Share | Quad | 0.001 | 0.001 | -0.0001 |
| Dem Vote Share | Basic | 0.028 | 0.028 | +0.0005 |
| Dem Vote Share | Linear | 0.011 | 0.011 | -0.0001 |
| Dem Vote Share | Quad | 0.007 | 0.007 | -0.0001 |

3. **Table 3 Replication** - Participation Outcomes:

| Outcome | Spec | Original | Replicated | Diff |
|---------|------|----------|------------|------|
| Turnout | Basic | 0.021 | 0.021 | +0.0002 |
| Turnout | Linear | 0.022 | 0.022 | -0.0005 |
| Turnout | Quad | 0.021 | 0.022 | +0.0013 |
| VBM Share | Basic | 0.186 | 0.186 | +0.0000 |
| VBM Share | Linear | 0.157 | 0.156 | -0.0008 |
| VBM Share | Quad | 0.136 | 0.136 | -0.0002 |

### Replication Assessment: **SUCCESSFUL**

All point estimates are within 0.002 of the original values. The largest absolute difference is 0.0013 (turnout with quadratic trends). Standard errors also closely match.

### Files Created:
- `code/01_examine_original.py` - Data examination script
- `code/02_replicate.py` - Replication analysis script
- `notes/original_data_examination.md` - Data documentation
- `notes/replication_comparison.md` - Comparison documentation
- `output/tables/table2_replication.csv` - Table 2 results
- `output/tables/table3_replication.csv` - Table 3 results

### Key Findings Confirmed:
1. **Null partisan effects**: VBM has essentially zero effect on Democratic outcomes with trend controls
2. **Modest turnout increase**: ~2.1 pp increase in turnout
3. **Strong first stage**: ~14-19 pp increase in VBM usage

### Issues or Discrepancies:
- Minor numerical differences (<0.2%) due to differences between Stata's `reghdfe` and our manual Python implementation
- No substantive discrepancies that affect conclusions

---

**STOP**: Waiting for approval to proceed to Phase 3 (Extension Data Collection).

=== Turn 3 completed at Wed Feb 11 23:26:27 PST 2026 with exit code 0 ===
