=== Turn 2 started at Wed Feb 11 22:22:20 PST 2026 ===

---

## CHECKPOINT 1: Literature Review Complete

I have completed Phase 1. Here is the summary:

### Completed Tasks:

1. **Original Paper Summary** (`notes/original_paper_summary.md`)
   - Research question: Does universal VBM affect partisan electoral outcomes?
   - Identification: Diff-in-diff exploiting staggered county adoption in CA, UT, WA
   - Key finding: VBM has null effects on partisan outcomes; +2pp on turnout
   - Estimating equation: Y_cst = β(VBM_cst) + γ_cs + δ_st + ε_cst

2. **Literature Review** (`notes/literature_review.md`)
   - 11 papers reviewed, all verified to exist
   - Foundational studies: Gerber et al. (2013), Kousser & Mullin (2007), Southwell & Burchett (2000), Gronke et al. (2008), Berinsky et al. (2001)
   - Post-2020 studies: Barber & Holbein (2020), Amlani & Collitt (2022)
   - Methodological papers: Goodman-Bacon (2021), Callaway & Sant'Anna (2021), Sun & Abraham (2021)

3. **Extension Rationale** (`notes/extension_rationale.md`)
   - What changed: COVID pandemic, partisan polarization of VBM, continued CA VCA rollout
   - New variation: Primarily from California (Utah/Washington near complete)
   - Research questions: Do null effects hold post-COVID? Heterogeneity by period?
   - Limitations: Less variation, cannot separate VBM from COVID effects, 3 Western states only

### Literature Review Verification Status:

| Paper | Verified? |
|-------|-----------|
| Thompson et al. (2020) PNAS | Yes |
| Gerber, Huber, Hill (2013) PSRM | Yes |
| Kousser, Mullin (2007) Political Analysis | Yes |
| Southwell, Burchett (2000) APQ | Yes |
| Gronke et al. (2008) ARPS | Yes |
| Berinsky et al. (2001) POQ | Yes |
| Barber, Holbein (2020) Science Advances | Yes |
| Amlani, Collitt (2022) ELJ | Yes |
| Goodman-Bacon (2021) J. Econometrics | Yes |
| Callaway, Sant'Anna (2021) J. Econometrics | Yes |
| Sun, Abraham (2021) J. Econometrics | Yes |

**All papers verified** - publication details confirmed through web search.

---

**STOP**: Waiting for approval to proceed to Phase 2 (Replication with Original Data).

=== Turn 2 completed at Wed Feb 11 22:30:16 PST 2026 with exit code 0 ===
