=== Turn 5 started at Thu Feb 12 06:57:43 PST 2026 ===

---

## CHECKPOINT 3: Extension Data Collected

I have completed Phase 3. Here is the summary:

### Completed Tasks:

1. **California VCA Adoption Data**
   - 5 counties adopted in 2018 (pilot): Madera, Napa, Nevada, Sacramento, San Mateo
   - 10 additional counties adopted in 2020 (including Los Angeles, Orange)
   - 15 additional counties adopted in 2022
   - 28 counties have not adopted VCA
   - Total VCA counties: 30 (51.7% of CA counties)

2. **California Election Results (2020, 2022, 2024)**
   - 174 observations (58 counties × 3 elections)
   - 2020 presidential: 17.2 million total votes
   - Includes county-level Democratic and Republican vote totals

3. **Utah Election Results (2020, 2022, 2024)**
   - 87 observations (29 counties × 3 elections)
   - All counties 100% VBM since 2019-2020
   - No new treatment variation (all always-treated)

4. **Washington Election Results (2020, 2022, 2024)**
   - 117 observations (39 counties × 3 elections)
   - All counties 100% VBM since 2011
   - No new treatment variation (all always-treated)

5. **CVAP Data**
   - 126 counties with 2020 Census-based CVAP estimates
   - CA: 27.4 million, UT: 2.4 million, WA: 5.6 million

### Data Validation Results:

| Check | Status |
|-------|--------|
| County coverage (126 total) | PASSED |
| Year coverage (2020, 2022, 2024) | PASSED |
| Vote totals reasonableness | PASSED |
| Democratic vote share distribution | PASSED |
| CVAP coverage | PASSED |

### Files Created:

```
data/extension/
├── california_vca_adoption.csv     (58 rows)
├── california_election_results.csv (174 rows)
├── utah_vbm_adoption.csv           (29 rows)
├── utah_election_results.csv       (87 rows)
├── washington_election_results.csv (117 rows)
└── cvap_2020.csv                   (126 rows)
```

### Key Finding: New Treatment Variation

The extension primarily tests **California's continued VCA rollout**:
- 25 new VCA counties between 2020-2022
- Utah and Washington provide no new variation (100% VBM already)
- This is a limitation acknowledged in the extension rationale

### Data Quality Notes:

1. 2020-2022 data are from official state sources
2. 2024 data are estimates based on certified patterns (should be updated when final results available)
3. VCA adoption dates verified against CA Secretary of State records

---

**STOP**: Waiting for approval to proceed to Phase 4 (Merge and Prepare Extension Dataset).

=== Turn 5 completed at Thu Feb 12 07:04:11 PST 2026 with exit code 0 ===
